{ 
	"Michal" : "Language Guru",
	"Alice" : "System Architect" 
}
